ApplicationDate,"1995-02-07-05:00"
ApplicationDateTruncated,"1995-02-07"