BeginRepeatedField,"Diagnostics"
DiagnosticInfoXSLTFilename,"$XSLTFILENAME$"
DiagnosticInfoXSLTLocation,"$XSLTLOCATION$"