BeginRepeatedField,"DomesticClassDescription"
PrimaryClassNumber,"041"
NiceClassNumber,"041"
ClassificationKindCode,"Domestic"
NationalClassNumber,"100"
EndRepeatedField,"DomesticClassDescription"
BeginRepeatedField,"DomesticClassDescription"
PrimaryClassNumber,"041"
NiceClassNumber,"041"
ClassificationKindCode,"Domestic"
NationalClassNumber,"101"
EndRepeatedField,"DomesticClassDescription"
BeginRepeatedField,"DomesticClassDescription"
PrimaryClassNumber,"041"
NiceClassNumber,"041"
ClassificationKindCode,"Domestic"
NationalClassNumber,"107"
EndRepeatedField,"DomesticClassDescription"
BeginRepeatedField,"DomesticClassDescription"
PrimaryClassNumber,"016"
NiceClassNumber,"016"
ClassificationKindCode,"Domestic"
NationalClassNumber,"002"
EndRepeatedField,"DomesticClassDescription"
BeginRepeatedField,"DomesticClassDescription"
PrimaryClassNumber,"016"
NiceClassNumber,"016"
ClassificationKindCode,"Domestic"
NationalClassNumber,"005"
EndRepeatedField,"DomesticClassDescription"
BeginRepeatedField,"DomesticClassDescription"
PrimaryClassNumber,"016"
NiceClassNumber,"016"
ClassificationKindCode,"Domestic"
NationalClassNumber,"022"
EndRepeatedField,"DomesticClassDescription"
BeginRepeatedField,"DomesticClassDescription"
PrimaryClassNumber,"016"
NiceClassNumber,"016"
ClassificationKindCode,"Domestic"
NationalClassNumber,"023"
EndRepeatedField,"DomesticClassDescription"
BeginRepeatedField,"DomesticClassDescription"
PrimaryClassNumber,"016"
NiceClassNumber,"016"
ClassificationKindCode,"Domestic"
NationalClassNumber,"029"
EndRepeatedField,"DomesticClassDescription"
BeginRepeatedField,"DomesticClassDescription"
PrimaryClassNumber,"016"
NiceClassNumber,"016"
ClassificationKindCode,"Domestic"
NationalClassNumber,"037"
EndRepeatedField,"DomesticClassDescription"
BeginRepeatedField,"DomesticClassDescription"
PrimaryClassNumber,"016"
NiceClassNumber,"016"
ClassificationKindCode,"Domestic"
NationalClassNumber,"038"
EndRepeatedField,"DomesticClassDescription"
BeginRepeatedField,"DomesticClassDescription"
PrimaryClassNumber,"016"
NiceClassNumber,"016"
ClassificationKindCode,"Domestic"
NationalClassNumber,"050"
EndRepeatedField,"DomesticClassDescription"