BeginRepeatedField,"DomesticClassDescription"
PrimaryClassNumber,"030"
NationalClassNumber,"046"
EndRepeatedField,"DomesticClassDescription"