BeginRepeatedField,"DomesticClassDescription"
PrimaryClassNumber,"041"
NationalClassNumber,"100"
EndRepeatedField,"DomesticClassDescription"
BeginRepeatedField,"DomesticClassDescription"
PrimaryClassNumber,"041"
NationalClassNumber,"101"
EndRepeatedField,"DomesticClassDescription"
BeginRepeatedField,"DomesticClassDescription"
PrimaryClassNumber,"041"
NationalClassNumber,"107"
EndRepeatedField,"DomesticClassDescription"
BeginRepeatedField,"DomesticClassDescription"
PrimaryClassNumber,"016"
NationalClassNumber,"002"
EndRepeatedField,"DomesticClassDescription"
BeginRepeatedField,"DomesticClassDescription"
PrimaryClassNumber,"016"
NationalClassNumber,"005"
EndRepeatedField,"DomesticClassDescription"
BeginRepeatedField,"DomesticClassDescription"
PrimaryClassNumber,"016"
NationalClassNumber,"022"
EndRepeatedField,"DomesticClassDescription"
BeginRepeatedField,"DomesticClassDescription"
PrimaryClassNumber,"016"
NationalClassNumber,"023"
EndRepeatedField,"DomesticClassDescription"
BeginRepeatedField,"DomesticClassDescription"
PrimaryClassNumber,"016"
NationalClassNumber,"029"
EndRepeatedField,"DomesticClassDescription"
BeginRepeatedField,"DomesticClassDescription"
PrimaryClassNumber,"016"
NationalClassNumber,"037"
EndRepeatedField,"DomesticClassDescription"
BeginRepeatedField,"DomesticClassDescription"
PrimaryClassNumber,"016"
NationalClassNumber,"038"
EndRepeatedField,"DomesticClassDescription"
BeginRepeatedField,"DomesticClassDescription"
PrimaryClassNumber,"016"
NationalClassNumber,"050"
EndRepeatedField,"DomesticClassDescription"