BeginRepeatedField,"DomesticClassDescription"
PrimaryClassNumber,"009"
NationalClassNumber,"021"
EndRepeatedField,"DomesticClassDescription"