BeginRepeatedField,"FirstUseDates"
PrimaryClassNumber,"030"
NiceClassNumber,"030"
FirstUseDateNumber,"20090418"
FirstUseInCommerceDate,"20090418"
EndRepeatedField,"FirstUseDates"
BeginRepeatedField,"FirstUseDates"
PrimaryClassNumber,"025"
NiceClassNumber,"025"
FirstUseDateNumber,"20090418"
FirstUseInCommerceDate,"20090418"
EndRepeatedField,"FirstUseDates"
BeginRepeatedField,"FirstUseDates"
PrimaryClassNumber,"014"
NiceClassNumber,"014"
FirstUseDateNumber,"20090418"
FirstUseInCommerceDate,"20090418"
EndRepeatedField,"FirstUseDates"