BeginRepeatedField,"FirstUseDates"
PrimaryClassNumber,"009"
FirstUseDateNumber,"19961130"
FirstUseInCommerceDate,"19961130"
EndRepeatedField,"FirstUseDates"