BeginRepeatedField,"FirstUseDates"
PrimaryClassNumber,"041"
FirstUseDateNumber,"20100915"
FirstUseInCommerceDate,"20100915"
EndRepeatedField,"FirstUseDates"
BeginRepeatedField,"FirstUseDates"
PrimaryClassNumber,"016"
FirstUseDateNumber,"19911231"
FirstUseInCommerceDate,"19911231"
EndRepeatedField,"FirstUseDates"