BeginRepeatedField,"FirstUseDates"
PrimaryClassNumber,"041"
NiceClassNumber,"041"
FirstUseDateNumber,"20080215"
FirstUseInCommerceDate,"20080215"
EndRepeatedField,"FirstUseDates"
BeginRepeatedField,"FirstUseDates"
PrimaryClassNumber,"016"
NiceClassNumber,"016"
FirstUseDateNumber,"19911231"
FirstUseInCommerceDate,"19911231"
EndRepeatedField,"FirstUseDates"