BeginRepeatedField,"FirstUseDate"
PrimaryClassNumber,"009"
NiceClassNumber,"009"
FirstUseDateNumber,"19961130"
FirstUseInCommerceDate,"19961130"
EndRepeatedField,"FirstUseDate"