BeginRepeatedField,"FirstUseDates"
PrimaryClassNumber,"030"
FirstUseDateNumber,"20090418"
FirstUseInCommerceDate,"20090418"
EndRepeatedField,"FirstUseDates"
BeginRepeatedField,"FirstUseDates"
PrimaryClassNumber,"025"
FirstUseDateNumber,"20090418"
FirstUseInCommerceDate,"20090418"
EndRepeatedField,"FirstUseDates"
BeginRepeatedField,"FirstUseDates"
PrimaryClassNumber,"014"
FirstUseDateNumber,"20090418"
FirstUseInCommerceDate,"20090418"
EndRepeatedField,"FirstUseDates"