BeginRepeatedField,"FirstUseDate"
PrimaryClassNumber,"041"
NiceClassNumber,"041"
FirstUseDateNumber,"20100915"
FirstUseInCommerceDate,"20100915"
EndRepeatedField,"FirstUseDate"
BeginRepeatedField,"FirstUseDate"
PrimaryClassNumber,"016"
NiceClassNumber,"016"
FirstUseDateNumber,"19911231"
FirstUseInCommerceDate,"19911231"
EndRepeatedField,"FirstUseDate"