BeginRepeatedField,"ClassDescription"
ClassNumber,"030"
GoodsServicesDescription,"King Cake Pastries"
EndRepeatedField,"ClassDescription"
BeginRepeatedField,"ClassDescription"
ClassNumber,"025"
GoodsServicesDescription,"CLOTHING, NAMELY, SHIRTS, HATS, AND BABY JUMPSUITS"
EndRepeatedField,"ClassDescription"
BeginRepeatedField,"ClassDescription"
ClassNumber,"014"
GoodsServicesDescription,"Jewelry"
EndRepeatedField,"ClassDescription"