BeginRepeatedField,"ClassDescription"
ClassNumber,"009"
GoodsServicesDescription,"COMPUTER SOFTWARE FOR INFORMATION PROCESSING, NAMELY, DATABASE MANAGEMENT AND DEVELOPMENT, ALL FOR GENERAL USE, AND USER MANUALS DISTRIBUTED AS A UNIT THEREWITH"
EndRepeatedField,"ClassDescription"