InternationalApplicationNumber,"A0025288"
InternationalRegistrationNumber,"1087917"