RegistrationDate,"2003-05-06"
RegistrationDateTruncated,"2003-05-06"