StaffName,"SANTOMARTINO, MARTHA L"
StaffOfficialTitle,"Examining Attorney"